$ bearing owner acme/payments-api

owners of payments-api [Repository 01a0e5a2-15c1-7000-8000-000000000000]
as of now, as known now

Payments [Team 01a0e5a2-15c1-7000-8000-000000000001]
  asserted 95% valid from 2026-09-28T01:30:00Z
  core/derive/codeowners/github-acme: 95%, observed 2026-09-28T01:30:00Z, event github-acme/sync-1/2
    valid from 2026-09-28T01:30:00Z, recorded 2026-09-28T01:30:00.001Z
    evidence https://github.com/acme/payments-api/blob/main/.github/CODEOWNERS
    qualifier {"file":".github/CODEOWNERS","line":2,"pattern":"*"}
